files/99.csv
id,week,center_id,meal_id,checkout_price,base_price,emailer_for_promotion,homepage_featured,num_orders
1252136,1,99,1885,133.86,153.26,0,1,931
1314290,2,99,1885,133.86,154.26,0,0,796
1059539,3,99,1885,135.86,133.86,0,0,865
1174529,4,99,1885,136.83,134.86,0,1,2364
1220032,5,99,1885,145.53,133.86,0,1,1957
1447098,6,99,1885,145.5,135.86,0,1,1270
1280781,7,99,1885,145.53,135.86,0,1,1310
1474183,8,99,1885,147.5,135.86,0,1,944
1149311,9,99,1885,142.62,133.86,0,1,1108
1469012,10,99,1885,141.68,141.68,0,0,999
1252065,11,99,1885,145.5,146.5,0,0,998
1265847,12,99,1885,145.53,145.53,0,0,987
1062783,13,99,1885,146.53,146.53,0,0,904
1156900,14,99,1885,143.59,145.53,0,1,756
1388079,15,99,1885,120.28,146.53,0,0,892
1077323,16,99,1885,120.34,144.53,0,1,1148
1247936,17,99,1885,122.25,144.53,0,1,1338
1443778,18,99,1885,119.31,145.53,0,1,1230
1156346,19,99,1885,121.25,145.53,0,1,1648
1482303,20,99,1885,121.28,146.53,0,1,1336
1345564,21,99,1885,121.31,144.53,0,1,1214
1377974,22,99,1885,122.28,145.53,0,1,1498
1231244,23,99,1885,121.28,144.53,0,0,919
1099093,24,99,1885,121.25,146.53,0,0,636
1050187,25,99,1885,122.28,146.53,0,1,810
1012901,26,99,1885,122.25,146.53,0,1,987
1110277,27,99,1885,123.25,145.53,0,0,891
1490333,28,99,1885,120.28,144.53,0,1,1309
1234789,29,99,1885,122.28,145.53,0,1,1108
1257940,30,99,1885,121.25,146.53,0,1,905
1417178,31,99,1885,146.5,146.53,0,1,1106
1221287,32,99,1885,144.53,144.53,0,0,838
1280451,33,99,1885,145.5,145.5,0,0,716
1206828,34,99,1885,146.5,146.5,0,1,917
1393191,35,99,1885,145.56,145.56,0,0,1079
1103605,36,99,1885,145.53,146.53,0,0,944
1427324,37,99,1885,141.65,144.53,0,1,1309
1145284,38,99,1885,141.62,141.62,0,0,1054
1257794,39,99,1885,143.59,144.59,0,0,1376
1303132,40,99,1885,143.59,144.59,0,0,1202
1069404,41,99,1885,142.65,142.65,0,0,1133
1201212,42,99,1885,141.65,141.65,0,1,1214
1143778,43,99,1885,141.62,143.62,0,0,1052
1106054,44,99,1885,147.5,145.5,0,0,1040
1236051,45,99,1885,145.56,144.56,0,0,635
1051194,46,99,1885,144.59,143.56,0,1,1147
1496321,47,99,1885,144.56,145.56,0,1,1026
1103274,48,99,1885,119.31,143.56,0,1,1499
1330329,49,99,1885,122.25,145.56,0,0,1809
1444218,50,99,1885,122.25,144.56,0,1,2093
1436874,51,99,1885,123.25,144.56,0,0,1364
1415747,52,99,1885,121.25,143.56,1,0,1473
1197399,53,99,1885,123.25,143.56,1,0,1228
1404207,54,99,1885,121.28,143.56,0,1,1404
1479173,55,99,1885,120.28,143.56,0,0,1688
1019353,56,99,1885,123.25,143.56,0,1,1161
1467148,57,99,1885,145.53,146.53,0,0,932
1098311,58,99,1885,146.53,145.53,0,0,971
1433537,59,99,1885,146.53,146.53,0,0,662
1062572,60,99,1885,143.59,143.59,0,0,917
1404507,61,99,1885,141.68,141.68,0,0,971
1244694,62,99,1885,145.56,144.56,0,0,553
1494518,63,99,1885,144.59,142.59,0,0,1133
1450159,64,99,1885,144.56,144.56,0,0,985
1286279,65,99,1885,142.59,143.56,0,1,1432
1174468,66,99,1885,144.56,143.56,0,1,1147
1100694,67,99,1885,143.56,145.56,0,1,1160
1139336,68,99,1885,144.53,145.53,0,0,892
1206350,69,99,1885,142.62,144.53,0,1,1188
1073038,70,99,1885,141.65,144.53,0,1,931
1291845,71,99,1885,144.53,144.53,0,0,1120
1028856,72,99,1885,147.5,146.53,0,1,1445
1377264,73,99,1885,145.5,146.53,0,1,1390
1267208,74,99,1885,146.5,145.53,0,1,1108
1165102,75,99,1885,145.53,144.53,0,0,1202
1314648,76,99,1885,144.53,145.53,0,1,1284
1166970,77,99,1885,147.5,144.53,0,1,1108
1056313,78,99,1885,144.53,146.53,0,0,1336
1495093,79,99,1885,147.5,146.53,0,1,1095
1228312,80,99,1885,145.5,146.53,0,1,1283
1105242,81,99,1885,147.5,144.53,0,1,877
1391036,82,99,1885,145.53,144.53,0,1,958
1496983,83,99,1885,146.53,144.53,0,0,1067
1269954,84,99,1885,146.5,147.5,0,0,1121
1113863,85,99,1885,139.71,139.71,0,0,825
1053761,86,99,1885,140.65,140.65,0,0,595
1361451,87,99,1885,142.62,141.62,0,0,1296
1146528,88,99,1885,142.62,143.62,0,0,1079
1452310,89,99,1885,142.59,143.62,0,1,1336
1005589,90,99,1885,146.5,143.62,0,1,1189
1099682,91,99,1885,140.65,142.62,0,1,1067
1314963,92,99,1885,143.62,142.62,0,1,675
1044465,93,99,1885,142.59,143.59,0,0,931
1394320,94,99,1885,143.56,142.59,0,1,1121
1087302,95,99,1885,142.62,142.62,0,0,892
1149304,96,99,1885,146.5,146.5,0,0,825
1105122,97,99,1885,144.53,146.53,0,0,851
1347885,98,99,1885,146.5,144.53,0,1,1215
1285143,99,99,1885,149.38,146.53,0,1,1417
1257561,100,99,1885,149.38,144.53,0,1,1592
1275584,101,99,1885,150.38,149.38,0,0,1241
1351377,102,99,1885,149.38,149.38,0,0,1540
1264223,103,99,1885,150.41,148.41,0,0,1012
1491043,104,99,1885,148.44,147.44,0,0,985
1076792,105,99,1885,144.59,149.44,0,1,1269
1214562,106,99,1885,144.53,147.44,0,1,1268
1188760,107,99,1885,145.5,147.5,0,0,944
1314637,108,99,1885,149.38,149.38,0,0,959
1377712,109,99,1885,147.5,147.5,0,0,1282
1335115,110,99,1885,148.41,146.5,0,1,783
1463111,111,99,1885,149.44,146.5,0,1,1187
1156061,112,99,1885,148.41,146.5,0,1,377
1122441,113,99,1885,150.41,149.41,0,0,1013
1211869,114,99,1885,147.47,148.41,0,1,1120
1423550,115,99,1885,149.44,147.44,0,0,1189
1153938,116,99,1885,152.35,150.35,0,0,1134
1153988,117,99,1885,149.38,152.35,0,1,1027
1219171,118,99,1885,149.38,150.38,0,0,1068
1293591,119,99,1885,149.38,151.38,0,0,1203
1352559,120,99,1885,151.35,151.38,0,1,1040
1332003,121,99,1885,151.35,151.38,0,1,1203
1187380,122,99,1885,148.41,149.41,0,0,1093
1053544,123,99,1885,149.38,151.38,0,0,1189
1380287,124,99,1885,152.35,151.38,0,1,1430
1023556,125,99,1885,152.35,150.35,0,0,1187
1444827,126,99,1885,152.35,150.35,0,1,1365
1018562,127,99,1885,150.35,150.35,0,0,971
1399220,128,99,1885,151.38,150.35,0,1,1511
1251852,129,99,1885,151.38,150.35,0,1,1176
1096683,130,99,1885,150.35,151.35,0,1,1432
1028720,131,99,1885,152.35,151.35,0,1,1284
1093115,132,99,1885,152.35,151.35,0,0,1230
1107864,133,99,1885,151.38,152.35,0,1,998
1257599,134,99,1885,150.38,150.35,0,1,1120
1348891,135,99,1885,151.35,152.35,0,1,1106
1409987,136,99,1885,150.38,149.38,0,0,932
1058199,137,99,1885,155.26,150.38,0,1,1187
1374688,138,99,1885,155.23,151.38,0,1,906
1226828,139,99,1885,152.35,149.38,0,1,1270
1343544,140,99,1885,150.35,151.35,0,0,1000
1300619,141,99,1885,149.41,150.41,0,0,931
1308285,142,99,1885,150.38,149.41,0,1,1107
1179848,143,99,1885,150.35,150.41,0,1,1311
1227227,144,99,1885,152.35,150.35,0,0,1457
1453609,145,99,1885,158.14,158.14,0,0,1041
1461303,1,99,1993,136.83,155.26,0,1,904
1202949,2,99,1993,136.83,153.26,0,1,580
1378171,3,99,1993,136.83,154.26,0,1,688
1433205,4,99,1993,133.86,153.26,0,1,621
1375340,5,99,1993,146.5,154.26,0,1,593
1078654,6,99,1993,147.5,145.5,0,0,446
1215949,7,99,1993,145.5,147.5,0,0,851
1228319,8,99,1993,144.59,146.5,0,1,824
1434172,9,99,1993,146.5,145.5,0,1,783
1201808,10,99,1993,144.59,147.5,0,1,636
1126302,11,99,1993,143.59,146.5,0,1,1122
1051314,12,99,1993,143.56,147.5,0,1,973
1235910,13,99,1993,146.5,145.5,0,1,891
1130812,14,99,1993,145.5,147.5,0,1,878
1112591,15,99,1993,122.25,146.5,0,0,972
1163768,16,99,1993,120.31,146.5,0,1,836
1426828,17,99,1993,121.25,145.5,0,1,1268
1412863,18,99,1993,121.25,147.5,0,1,783
1013071,19,99,1993,123.25,146.5,0,1,932
1021918,20,99,1993,122.25,146.5,0,1,1079
1428999,21,99,1993,123.25,147.5,0,1,960
1406161,22,99,1993,123.25,146.5,0,1,1149
1041180,23,99,1993,123.25,145.5,0,1,810
1305316,24,99,1993,123.25,147.5,0,1,1187
1331621,25,99,1993,120.28,146.5,0,1,851
1463513,26,99,1993,122.25,146.5,0,1,1054
1026622,27,99,1993,122.25,146.5,0,1,1108
1499296,28,99,1993,122.25,145.5,0,1,890
1433593,29,99,1993,122.25,145.5,0,0,1148
1375611,30,99,1993,122.25,147.5,0,1,798
1008780,31,99,1993,145.5,146.5,0,1,851
1384209,32,99,1993,147.5,147.5,0,1,809
1441016,33,99,1993,147.5,146.5,0,0,945
1024604,34,99,1993,146.53,147.5,0,1,1000
1050541,35,99,1993,145.53,146.53,0,0,717
1009668,36,99,1993,146.5,147.5,0,0,905
1304728,37,99,1993,139.71,139.71,0,0,1081
1374450,38,99,1993,142.65,140.65,0,0,972
1407903,39,99,1993,141.68,139.68,0,0,1054
1026069,40,99,1993,143.62,141.62,0,0,904
1089549,41,99,1993,144.53,145.53,0,0,823
1143506,42,99,1993,143.59,144.59,0,0,972
1295726,43,99,1993,143.56,144.56,0,0,607
1073638,44,99,1993,143.59,143.56,0,1,824
1109565,45,99,1993,142.65,144.56,0,1,823
1026511,46,99,1993,142.65,143.56,0,1,1013
1187632,47,99,1993,144.59,143.56,0,1,863
1408294,48,99,1993,121.25,145.56,0,1,1025
1440747,49,99,1993,120.28,145.56,0,0,1176
1151608,50,99,1993,122.25,144.56,0,1,1079
1038578,51,99,1993,123.25,144.56,0,0,1093
1039190,52,99,1993,121.25,144.56,1,0,836
1290384,53,99,1993,123.25,144.56,1,0,1349
1162237,54,99,1993,122.25,144.56,0,1,1418
1476346,55,99,1993,122.28,144.56,0,0,1242
1419417,56,99,1993,121.25,144.56,0,1,1120
1444555,57,99,1993,146.5,143.56,0,1,1041
1265132,58,99,1993,145.5,145.5,0,0,742
1232917,59,99,1993,145.5,147.5,0,1,972
1217451,60,99,1993,142.59,143.59,0,0,891
1073664,61,99,1993,143.62,144.59,0,1,784
1208238,62,99,1993,144.53,146.53,0,0,258
1043400,63,99,1993,143.56,144.56,0,0,784
1309093,64,99,1993,145.53,145.56,0,1,688
1452427,65,99,1993,144.59,144.56,0,1,987
1297523,66,99,1993,146.53,146.53,0,0,690
1142762,67,99,1993,146.53,146.53,0,1,717
1242329,68,99,1993,145.56,146.53,0,1,728
1051841,69,99,1993,145.53,145.53,0,1,715
1366340,70,99,1993,146.53,145.53,0,1,1026
1064471,71,99,1993,146.5,145.53,0,1,797
1324681,72,99,1993,146.53,144.53,0,1,609
1105184,73,99,1993,147.5,145.53,0,1,540
1399066,74,99,1993,146.5,144.53,0,1,674
1036643,75,99,1993,145.5,146.53,0,1,850
1492630,76,99,1993,146.5,146.53,0,1,582
1120071,77,99,1993,147.5,145.53,0,1,501
1336696,78,99,1993,147.5,144.53,0,1,917
1372900,79,99,1993,147.5,146.53,0,1,892
1495869,80,99,1993,145.5,147.5,0,0,582
1286383,81,99,1993,145.5,145.5,0,1,582
1176515,82,99,1993,146.5,147.5,0,1,716
1251600,83,99,1993,146.53,145.53,0,0,945
1318377,84,99,1993,142.59,146.53,0,1,701
1043506,85,99,1993,146.5,145.53,0,1,756
1362324,86,99,1993,141.62,145.53,0,1,933
1247742,87,99,1993,146.5,144.53,0,1,878
1274590,88,99,1993,145.53,145.53,0,0,635
1257235,89,99,1993,144.56,145.56,0,0,728
1230522,90,99,1993,145.53,143.56,0,1,1053
1112252,91,99,1993,144.56,145.56,0,0,933
1397043,92,99,1993,147.5,143.56,0,1,811
1184203,93,99,1993,144.59,144.59,0,0,985
1316200,94,99,1993,143.59,142.59,0,1,1025
1281367,95,99,1993,146.5,146.5,0,0,958
1234156,96,99,1993,146.5,145.5,0,0,919
1234274,97,99,1993,144.53,145.53,0,0,783
1357366,98,99,1993,144.53,145.53,0,0,555
1371552,99,99,1993,150.38,151.38,0,0,771
1205126,100,99,1993,150.38,150.38,0,1,1148
1145513,101,99,1993,149.41,149.41,0,0,1581
1215756,102,99,1993,150.41,148.41,0,0,1296
1250419,103,99,1993,150.38,148.41,0,1,1241
1463180,104,99,1993,146.47,146.47,0,0,688
1303414,105,99,1993,147.47,148.47,0,0,783
1338011,106,99,1993,150.38,150.38,0,0,662
1117826,107,99,1993,146.5,149.38,0,1,852
1304780,108,99,1993,147.44,149.44,0,0,743
1358477,109,99,1993,150.38,150.38,0,0,864
1428119,110,99,1993,149.41,150.38,0,1,594
1213463,111,99,1993,147.44,151.38,0,1,553
1066602,112,99,1993,149.44,151.38,0,1,271
1077337,113,99,1993,150.35,151.35,0,0,825
1302950,114,99,1993,151.35,151.35,0,1,728
1180531,115,99,1993,150.41,152.35,0,1,919
1102675,116,99,1993,151.35,150.35,0,0,756
1417192,117,99,1993,152.35,150.35,0,1,703
1003822,118,99,1993,150.35,150.35,0,0,500
1280134,119,99,1993,150.35,151.35,0,0,850
1213958,120,99,1993,150.35,152.35,0,1,621
1269325,121,99,1993,150.35,150.35,0,0,730
1147445,122,99,1993,150.38,151.35,0,1,836
1326876,123,99,1993,151.35,151.35,0,0,890
1429997,124,99,1993,149.38,150.35,0,1,904
1224480,125,99,1993,150.38,152.35,0,1,987
1124387,126,99,1993,151.35,150.35,0,1,890
1037511,127,99,1993,151.35,151.35,0,1,716
1160415,128,99,1993,152.35,151.35,0,1,892
1150192,129,99,1993,152.35,150.35,0,1,824
1443691,130,99,1993,149.38,150.35,0,1,824
1061312,131,99,1993,150.38,152.35,0,1,757
1425516,132,99,1993,149.38,150.35,0,1,783
1198944,133,99,1993,150.35,151.35,0,1,676
1218330,134,99,1993,151.38,152.35,0,1,676
1224685,135,99,1993,150.35,152.35,0,1,189
1153919,136,99,1993,149.38,152.35,0,1,366
1150055,137,99,1993,153.26,150.35,0,1,555
1084098,138,99,1993,155.26,151.35,0,1,716
1129926,139,99,1993,150.38,150.35,0,1,717
1294555,140,99,1993,148.41,152.35,0,1,648
1155362,141,99,1993,152.35,150.35,0,0,594
1364997,142,99,1993,151.38,152.35,0,1,593
1158638,143,99,1993,149.38,150.35,0,1,852
1259539,144,99,1993,149.41,148.41,0,0,581
1202114,145,99,1993,157.14,149.41,0,1,202
